✔ segmented/v2 reconstructs a journal-free state and reuses its sealed prefix (388.4935ms)
✔ segmented/v2 read-only inspection and reuse fences accept the journal-free projection (441.117709ms)
✔ segmented/v2 refuses a tampered sealed source before publishing CURRENT (233.614708ms)
✔ segmented/v1 refuses a tampered reused source before publishing CURRENT (211.401709ms)
✔ segmented/v2 compaction rejects an extra journal field in historical projections (283.098ms)
✔ segmented/v2 selection over v1 cannot prune the verified prefix (222.183083ms)
✔ segmented/v2 rejects prefix tamper before exposing state and preserves Memory parity (233.451458ms)
✔ legacy migration to segmented/v2 and explicit rollback retain exact logical history (506.132667ms)
✔ explicit v2 migration preference still migrates a legacy CURRENT (310.77125ms)
✔ segmented/v2 migration retry rejects a foreign marker instead of deleting it (178.805583ms)
✔ segmented/v2 publication faults converge to one complete old-or-new generation (3046.818208ms)
✔ segmented file reader preserves a long logical prefix and active suffix (1760.043917ms)
✔ segmented transitions over 10,000 records match the deterministic semantic oracle (1760.568209ms)
✔ memory and file segmented stores expose identical logical history (623.144792ms)
✔ migration, rollback, and explicit compaction retain crash-safe generations (493.702084ms)
✔ unknown segmented version is rejected before state use (109.120208ms)
✔ segmented reader rejects mixed legacy files before state use (121.88975ms)
✔ P2-ORPHAN-GENERATION quarantines a renamed successor and permits retry (345.74675ms)
✔ P2-READONLY-SEGMENTED verifies head identity without a legacy journal path (169.294667ms)
✔ P2-CURRENT-CONTINUITY rejects independently tampered segmented fields without mutation or reuse (652.011375ms)
✔ P2-MARKER-LEGACY never lets an object-local marker lift legacy ceilings (394.548208ms)
✔ P2-ROLLBACK-GC preserves marker-referenced history and is idempotent (276.969333ms)
✔ P2-FAULT-MATRIX leaves only old-or-new authority across publication boundaries (2617.759083ms)
✔ R4 absent-token capsule is canonical, redacted, bounded, and deterministic (481.839875ms)
✔ R4 wrong command digest is a closed mismatch and CLI stays private (508.741167ms)
✔ segmented/v2 recovery capsule reports bounded journal budget (616.013833ms)
✔ managed transition defaults do not select the segmented/v2 writer (350.590666ms)
✔ R4 malformed effect evidence fails closed without cleanup (386.369625ms)
✔ R4 frozen golden corpus is canonical and digest-manifest bound (2.357167ms)
✔ R4 targeted oversized and symlink records stay bounded and fail closed (446.176292ms)
✔ R4 selector aliases reject conflicting API values (342.145333ms)
✔ P4-SCHEMA-BOUNDS rejects overlong request and committed identities (697.973375ms)
✔ P4-SCHEMA-BOUNDS redacts path/control-bearing step IDs and validates output schema (390.963791ms)
ℹ tests 33
ℹ suites 0
ℹ pass 33
ℹ fail 0
ℹ cancelled 0
ℹ skipped 0
ℹ todo 0
ℹ duration_ms 9408.184833
marker-symlink-reject FilesystemTrustError: FilesystemTrust: migration marker contains an untrusted symlink
{"rejected":true,"markerIsSymlink":true}
