✔ decision inbox listing is deterministic, redacted, and mutation-free (679.038875ms)
✔ valid decision submission commits once and exact retry replays (2192.463458ms)
✔ stale bindings do not consume a token and identical concurrent submits journal once (2220.774375ms)
✔ phase binding is exact and a tampered inbox phase cannot consume a token (1728.612375ms)
✔ submit snapshots caller plan before the verified read can yield (1719.889834ms)
✔ exact phase promotion requires predecessor PASS and is retry-safe (2029.2365ms)
✔ fleet manifest is explicit, canonical, and digest-bound (1.709458ms)
✔ fleet delegates one lifecycle turn and persists round-robin observation (762.518458ms)
✔ missing explicit root returns stale-root attention without creating a run (65.561125ms)
✔ expired lease is fail-closed before lifecycle delegation (210.457125ms)
✔ competing coordinators converge on one kernel launch (2082.529042ms)
✔ fleet state parsing rejects oversized or symlinked metadata (51.177625ms)
✔ manifest rejects a driver and policy on one entry (0.500791ms)
✔ attention details redact arbitrary lifecycle error text (1602.582834ms)
✔ segmented/v2 reconstructs a journal-free state and reuses its sealed prefix (520.291875ms)
✔ segmented/v2 read-only inspection and reuse fences accept the journal-free projection (533.696542ms)
✔ segmented/v2 refuses a tampered sealed source before publishing CURRENT (305.858125ms)
✔ segmented/v1 refuses a tampered reused source before publishing CURRENT (291.784625ms)
✔ segmented/v2 compaction rejects an extra journal field in historical projections (447.241917ms)
✔ segmented/v2 selection over v1 cannot prune the verified prefix (348.950625ms)
✔ segmented/v2 rejects prefix tamper before exposing state and preserves Memory parity (312.482959ms)
✔ legacy migration to segmented/v2 and explicit rollback retain exact logical history (694.362875ms)
✔ explicit v2 migration preference still migrates a legacy CURRENT (476.524417ms)
✔ segmented/v2 migration retry rejects a foreign marker instead of deleting it (256.4655ms)
✔ segmented/v2 publication faults converge to one complete old-or-new generation (4209.557583ms)
✔ v2 envelope is closed, exact-name, resumable, and status is mutation-free (105.88875ms)
✔ tampered envelope and manifest bindings fail closed without mutation (57.344ms)
✔ phase CAS cannot retarget the operation or swap owners outside a stale prepared rebind (40.590791ms)
✔ committed envelopes require an attested inner aggregate (8.935834ms)
✔ resume never creates a fresh envelope when the prior marker is absent (84.858541ms)
✔ resume rejects a well-formed inner marker owned by another release (282.4365ms)
✔ R2 complete-tree publication removes owned stale files but preserves unrelated runtime files (10757.372209ms)
✔ R2 crash windows recover a complete tree before the next publication (16502.715625ms)
✔ R2 first-install crash after exchange removes only the uncommitted tree (4023.718ms)
✔ R2 rejects a malformed transaction identity before constructing a sibling path (3339.140916ms)
✔ R4 managed wrapper carries and resolves the private recovery route (1647.559208ms)
✔ R4 absent-token capsule is canonical, redacted, bounded, and deterministic (643.937417ms)
✔ R4 wrong command digest is a closed mismatch and CLI stays private (631.719708ms)
✔ segmented/v2 recovery capsule reports bounded journal budget (743.973333ms)
✔ managed transition defaults do not select the segmented/v2 writer (516.4995ms)
✔ R4 malformed effect evidence fails closed without cleanup (508.299666ms)
✔ R4 frozen golden corpus is canonical and digest-manifest bound (2.127208ms)
✔ R4 targeted oversized and symlink records stay bounded and fail closed (559.171417ms)
✔ R4 selector aliases reject conflicting API values (464.485542ms)
✔ P4-SCHEMA-BOUNDS rejects overlong request and committed identities (946.501625ms)
✔ P4-SCHEMA-BOUNDS redacts path/control-bearing step IDs and validates output schema (427.706333ms)
ℹ tests 46
ℹ suites 0
ℹ pass 46
ℹ fail 0
ℹ cancelled 0
ℹ skipped 0
ℹ todo 0
ℹ duration_ms 36369.931459
