{"commands":[{"classification":"observed_zero","exit_code":0,"item_id":"item","native_status":"completed","start_line":1,"terminal_line":2}],"ignored_unrelated_record_count":0,"non_claims":["A zero process exit is not proof that an inner check suite passed.","This projection does not establish plan satisfaction, artifact acceptance, custody settlement, route truth, report correctness, descendant effects, or completeness of work not supplied in the capture."],"observed_command_count":1,"projection_only":true,"schema":"lunacy-native-command-index-v1","scope":{"selected_item_ids":null,"thread_id":"thread","turn_id":"turn"},"source":{"path":"{{SOURCE_PATH}}","sha256":"{{SOURCE_SHA256}}"}}
