{"commands":[{"completion_line":3,"exit_code":0,"item_id":"item","status":"completed"}],"non_claims":["Recorded status and exit code are raw captured facts, not a semantic verdict.","The count covers selected captured CommandExecution completions, not all commands, tools, effects, or capture completeness.","Source-associated context does not establish route or backend truth, deadline correctness, custody, report correctness, semantic acceptance, or work completeness."],"observed_command_count":1,"projection_only":true,"schema":"lunacy-session-command-index-v1","scope":{"selected_item_ids":null,"thread_id":"thread","turn_id":"turn"},"session":{"context_line":2,"context_thread_basis":"source-associated","metadata_line":1,"recorded_effort":"medium","recorded_model":"model"},"source":{"path":"{{SOURCE_PATH}}","sha256":"{{SOURCE_SHA256}}"}}
